0.01	0.181818	0.909091
0.45	0.545455	0.909091
0.48	0.545455	0.909091
0.72	0.818182	1
1.09	1	1
